0 verbose cli /Users/gauravsahu/.nvm/versions/node/v22.22.0/bin/node /Users/gauravsahu/.nvm/versions/node/v22.22.0/bin/npm
1 info using npm@10.9.4
2 info using node@v22.22.0
3 silly config load:file:/Users/gauravsahu/.nvm/versions/node/v22.22.0/lib/node_modules/npm/npmrc
4 silly config load:file:/Users/gauravsahu/fe_workspace/academics-pro/.npmrc
5 silly config load:file:/Users/gauravsahu/.npmrc
6 silly config load:file:/Users/gauravsahu/.nvm/versions/node/v22.22.0/etc/npmrc
7 verbose title npm install
8 verbose argv "install"
9 verbose logfile logs-max:10 dir:/Users/gauravsahu/fe_workspace/academics-pro/_logs/2026-10-09T13_14_23_681Z-
10 verbose logfile /Users/gauravsahu/fe_workspace/academics-pro/_logs/2026-10-09T13_14_23_681Z-debug-0.log
11 silly logfile done cleaning log files
12 silly packumentCache heap:4345298944 maxSize:1086324736 maxEntrySize:543162368
13 silly idealTree buildDeps
14 silly fetch manifest clsx@^2.1.1
15 silly packumentCache full:https://artifactory.dev.bom.com/artifactory/api/npm/remote-npm-repos/clsx cache-miss
16 http fetch GET https://artifactory.dev.bom.com/artifactory/api/npm/remote-npm-repos/npm attempt 1 failed with ENOTFOUND
17 http fetch GET https://artifactory.dev.bom.com/artifactory/api/npm/remote-npm-repos/clsx attempt 1 failed with ENOTFOUND
18 http fetch GET https://artifactory.dev.bom.com/artifactory/api/npm/remote-npm-repos/npm attempt 2 failed with ENOTFOUND
19 http fetch GET https://artifactory.dev.bom.com/artifactory/api/npm/remote-npm-repos/clsx attempt 2 failed with ENOTFOUND
20 http fetch GET https://artifactory.dev.bom.com/artifactory/api/npm/remote-npm-repos/npm attempt 3 failed with ENOTFOUND
21 http fetch GET https://artifactory.dev.bom.com/artifactory/api/npm/remote-npm-repos/clsx attempt 3 failed with ENOTFOUND
22 silly fetch manifest lucide-react@^0.475.0
23 silly packumentCache full:https://artifactory.dev.bom.com/artifactory/api/npm/remote-npm-repos/lucide-react cache-miss
24 http fetch GET https://artifactory.dev.bom.com/artifactory/api/npm/remote-npm-repos/lucide-react attempt 1 failed with ENOTFOUND
25 http fetch GET https://artifactory.dev.bom.com/artifactory/api/npm/remote-npm-repos/lucide-react attempt 2 failed with ENOTFOUND
26 http fetch GET https://artifactory.dev.bom.com/artifactory/api/npm/remote-npm-repos/lucide-react attempt 3 failed with ENOTFOUND
27 silly fetch manifest next@^15.1.7
28 silly packumentCache full:https://artifactory.dev.bom.com/artifactory/api/npm/remote-npm-repos/next cache-miss
29 http fetch GET https://artifactory.dev.bom.com/artifactory/api/npm/remote-npm-repos/next attempt 1 failed with ENOTFOUND
30 http fetch GET https://artifactory.dev.bom.com/artifactory/api/npm/remote-npm-repos/next attempt 2 failed with ENOTFOUND
31 http fetch GET https://artifactory.dev.bom.com/artifactory/api/npm/remote-npm-repos/next attempt 3 failed with ENOTFOUND
32 silly fetch manifest react@^19.0.0
33 silly packumentCache full:https://artifactory.dev.bom.com/artifactory/api/npm/remote-npm-repos/react cache-miss
34 http fetch GET https://artifactory.dev.bom.com/artifactory/api/npm/remote-npm-repos/react attempt 1 failed with ENOTFOUND
35 http fetch GET https://artifactory.dev.bom.com/artifactory/api/npm/remote-npm-repos/react attempt 2 failed with ENOTFOUND
